// Jest Snapshot v1, https://goo.gl/fbAQLP

exports[`Feedback Form matches snapshot 1`] = `
<div
  className="makeStyles-form-1"
>
  <div
    className="MuiGrid-root MuiGrid-container MuiGrid-direction-xs-column"
  >
    <div
      className="MuiGrid-root MuiGrid-item"
    >
      <div
        className="makeStyles-title-2"
        data-testid="title-id"
      >
        Title:-
      </div>
    </div>
    <div
      className="MuiGrid-root MuiGrid-item"
    >
      <div>
        PID: 
      </div>
    </div>
    <div
      className="MuiGrid-root MuiGrid-item"
    >
      <div>
        Name: 
      </div>
    </div>
    <div
      className="MuiGrid-root MuiGrid-item"
    >
      <div>
        Date: 
      </div>
    </div>
    <div
      className="MuiGrid-root MuiGrid-item"
    >
      <div>
        Content:  ----ahcbakbk nkjcnkasjnkas
      </div>
    </div>
    <div
      className="MuiGrid-root MuiGrid-item"
    >
      <div
        className="makeStyles-button-3"
      >
        <button>
          Mark as Resloved
        </button>
      </div>
    </div>
  </div>
</div>
`;
